00:1c:73:00:00:99 (oui Unknown) > 0c:c4:7a:a9:28:1e (oui Unknown), ethertype IPv4 (0x0800), length 74: simba.ist.berkeley.edu.43748 > 131.160.96.66.static.eigbox.net.http: Flags [S], seq 2542439059, win 29200, options [mss 1460,sackOK,TS val 36323029 ecr 0,nop,wscale 7], length 0
0c:c4:7a:a9:28:1e (oui Unknown) > 00:1c:73:3c:e4:d0 (oui Unknown), ethertype IPv4 (0x0800), length 74: 131.160.96.66.static.eigbox.net.http > simba.ist.berkeley.edu.43748: Flags [S.], seq 634151470, ack 2542439060, win 4380, options [mss 1460,nop,nop,TS val 2377788335 ecr 36323029,sackOK,eol], length 0
00:1c:73:00:00:99 (oui Unknown) > 0c:c4:7a:a9:28:1e (oui Unknown), ethertype IPv4 (0x0800), length 66: simba.ist.berkeley.edu.43748 > 131.160.96.66.static.eigbox.net.http: Flags [.], ack 1, win 29200, options [nop,nop,TS val 36323047 ecr 2377788335], length 0
00:1c:73:00:00:99 (oui Unknown) > 0c:c4:7a:a9:28:1e (oui Unknown), ethertype IPv4 (0x0800), length 144: simba.ist.berkeley.edu.43748 > 131.160.96.66.static.eigbox.net.http: Flags [P.], seq 1:79, ack 1, win 29200, options [nop,nop,TS val 36323047 ecr 2377788335], length 78: HTTP: GET / HTTP/1.1
0c:c4:7a:a9:28:1e (oui Unknown) > 00:1c:73:3c:e4:d0 (oui Unknown), ethertype IPv4 (0x0800), length 66: 131.160.96.66.static.eigbox.net.http > simba.ist.berkeley.edu.43748: Flags [.], ack 79, win 4458, options [nop,nop,TS val 2377788409 ecr 36323047], length 0
0c:c4:7a:a9:28:1e (oui Unknown) > 00:1c:73:3c:e4:d0 (oui Unknown), ethertype IPv4 (0x0800), length 1514: 131.160.96.66.static.eigbox.net.http > simba.ist.berkeley.edu.43748: Flags [P.], seq 1:1449, ack 79, win 4458, options [nop,nop,TS val 2377788410 ecr 36323047], length 1448: HTTP: HTTP/1.1 200 OK
00:1c:73:00:00:99 (oui Unknown) > 0c:c4:7a:a9:28:1e (oui Unknown), ethertype IPv4 (0x0800), length 66: simba.ist.berkeley.edu.43748 > 131.160.96.66.static.eigbox.net.http: Flags [.], ack 1449, win 31856, options [nop,nop,TS val 36323066 ecr 2377788410], length 0
0c:c4:7a:a9:28:1e (oui Unknown) > 00:1c:73:3c:e4:d0 (oui Unknown), ethertype IPv4 (0x0800), length 1514: 131.160.96.66.static.eigbox.net.http > simba.ist.berkeley.edu.43748: Flags [P.], seq 1449:2897, ack 79, win 4458, options [nop,nop,TS val 2377788410 ecr 36323047], length 1448: HTTP
00:1c:73:00:00:99 (oui Unknown) > 0c:c4:7a:a9:28:1e (oui Unknown), ethertype IPv4 (0x0800), length 66: simba.ist.berkeley.edu.43748 > 131.160.96.66.static.eigbox.net.http: Flags [.], ack 2897, win 34752, options [nop,nop,TS val 36323066 ecr 2377788410], length 0
0c:c4:7a:a9:28:1e (oui Unknown) > 00:1c:73:3c:e4:d0 (oui Unknown), ethertype IPv4 (0x0800), length 231: 131.160.96.66.static.eigbox.net.http > simba.ist.berkeley.edu.43748: Flags [P.], seq 2897:3062, ack 79, win 4458, options [nop,nop,TS val 2377788410 ecr 36323047], length 165: HTTP
00:1c:73:00:00:99 (oui Unknown) > 0c:c4:7a:a9:28:1e (oui Unknown), ethertype IPv4 (0x0800), length 66: simba.ist.berkeley.edu.43748 > 131.160.96.66.static.eigbox.net.http: Flags [.], ack 3062, win 37648, options [nop,nop,TS val 36323066 ecr 2377788410], length 0
00:1c:73:00:00:99 (oui Unknown) > 0c:c4:7a:a9:28:1e (oui Unknown), ethertype IPv4 (0x0800), length 66: simba.ist.berkeley.edu.43748 > 131.160.96.66.static.eigbox.net.http: Flags [F.], seq 79, ack 3062, win 37648, options [nop,nop,TS val 36323066 ecr 2377788410], length 0
0c:c4:7a:a9:28:1e (oui Unknown) > 00:1c:73:3c:e4:d0 (oui Unknown), ethertype IPv4 (0x0800), length 66: 131.160.96.66.static.eigbox.net.http > simba.ist.berkeley.edu.43748: Flags [.], ack 80, win 4458, options [nop,nop,TS val 2377788484 ecr 36323066], length 0
0c:c4:7a:a9:28:1e (oui Unknown) > 00:1c:73:3c:e4:d0 (oui Unknown), ethertype IPv4 (0x0800), length 66: 131.160.96.66.static.eigbox.net.http > simba.ist.berkeley.edu.43748: Flags [F.], seq 3062, ack 80, win 4458, options [nop,nop,TS val 2377788484 ecr 36323066], length 0
00:1c:73:00:00:99 (oui Unknown) > 0c:c4:7a:a9:28:1e (oui Unknown), ethertype IPv4 (0x0800), length 66: simba.ist.berkeley.edu.43748 > 131.160.96.66.static.eigbox.net.http: Flags [.], ack 3063, win 37648, options [nop,nop,TS val 36323085 ecr 2377788484], length 0
