c2:00:54:f5:00:00 > 33:33:00:00:00:01, ethertype IPv6 (0x86dd), length 118: fe80::c000:54ff:fef5:0 > ff02::1: ICMP6, router advertisement, length 64
