00:00:00:00:00:00 > 00:00:00:00:00:01, ethertype IPv6 (0x86dd), length 114: fe80::1 > 1ce:c01d:bee2:15:a5:900d:a5:11fe: srcrt (len=4, type=4, segleft=1[|srcrt]
00:00:00:00:00:00 > 00:00:00:00:00:01, ethertype IPv6 (0x86dd), length 114: fe80::1 > 1ce:c01d:bee2:15:a5:900d:a5:11fe: srcrt (len=4, type=4, segleft=1[|srcrt]
00:00:00:00:00:00 > 00:00:00:00:00:01, ethertype IPv6 (0x86dd), length 114: fe80::1 > 1ce:c01d:bee2:15:a5:900d:a5:11fe: srcrt (len=4, type=4, segleft=1[|srcrt]
00:00:00:00:00:00 > 00:00:00:00:00:01, ethertype IPv6 (0x86dd), length 114: fe80::1 > 1ce:c01d:bee2:15:a5:900d:a5:11fe: srcrt (len=4, type=4, segleft=1[|srcrt]
00:00:00:00:00:00 > 00:00:00:00:00:01, ethertype IPv6 (0x86dd), length 114: fe80::1 > 1ce:c01d:bee2:15:a5:900d:a5:11fe: srcrt (len=4, type=4, segleft=1[|srcrt]
00:00:00:00:00:00 > 00:00:00:00:00:01, ethertype IPv6 (0x86dd), length 114: fe80::1 > 1ce:c01d:bee2:15:a5:900d:a5:11fe: srcrt (len=4, type=4, segleft=1[|srcrt]
00:00:00:00:00:00 > 00:00:00:00:00:01, ethertype IPv6 (0x86dd), length 114: fe80::1 > 1ce:c01d:bee2:15:a5:900d:a5:11fe: srcrt (len=4, type=4, segleft=1[|srcrt]
00:00:00:00:00:00 > 00:00:00:00:00:01, ethertype IPv6 (0x86dd), length 114: fe80::1 > 1ce:c01d:bee2:15:a5:900d:a5:11fe: srcrt (len=4, type=4, segleft=1[|srcrt]
00:00:00:00:00:00 > 00:00:00:00:00:01, ethertype IPv6 (0x86dd), length 114: fe80::1 > 1ce:c01d:bee2:15:a5:900d:a5:11fe: srcrt (len=4, type=4, segleft=1[|srcrt]
00:00:00:00:00:00 > 00:00:00:00:00:01, ethertype IPv6 (0x86dd), length 114: fe80::1 > 1ce:c01d:bee2:15:a5:900d:a5:11fe: srcrt (len=4, type=4, segleft=1[|srcrt]
