00:00:00:00:00:00 > 00:00:00:00:00:01, ethertype IPv4 (0x0800), length 60: 10.0.0.1.1025 > 10.0.0.2.1024: Flags [S], seq 1:7, win 10, length 6
00:00:00:00:00:00 > 00:00:00:00:00:01, ethertype IPv4 (0x0800), length 60: 10.0.0.1.1025 > 10.0.0.2.1024: Flags [S], seq 1:7, win 10, length 6
00:00:00:00:00:00 > 00:00:00:00:00:01, ethertype IPv4 (0x0800), length 60: 10.0.0.1.1025 > 10.0.0.2.1024: Flags [S], seq 1:7, win 10, length 6
00:00:00:00:00:00 > 00:00:00:00:00:01, ethertype IPv4 (0x0800), length 60: 10.0.0.1.1025 > 10.0.0.2.1024: Flags [S], seq 1:7, win 10, length 6
00:00:00:00:00:00 > 00:00:00:00:00:01, ethertype IPv4 (0x0800), length 60: 10.0.0.1.1025 > 10.0.0.2.1024: Flags [S], seq 1:7, win 10, length 6
00:00:00:00:00:00 > 00:00:00:00:00:01, ethertype IPv4 (0x0800), length 60: 10.0.0.1.1025 > 10.0.0.2.1024: Flags [S], seq 1:7, win 10, length 6
00:00:00:00:00:00 > 00:00:00:00:00:01, ethertype IPv4 (0x0800), length 60: 10.0.0.1.1025 > 10.0.0.2.1024: Flags [S], seq 1:7, win 10, length 6
00:00:00:00:00:00 > 00:00:00:00:00:01, ethertype IPv4 (0x0800), length 60: 10.0.0.1.1025 > 10.0.0.2.1024: Flags [S], seq 1:7, win 10, length 6
00:00:00:00:00:00 > 00:00:00:00:00:01, ethertype IPv4 (0x0800), length 60: 10.0.0.1.1025 > 10.0.0.2.1024: Flags [S], seq 1:7, win 10, length 6
00:00:00:00:00:00 > 00:00:00:00:00:01, ethertype IPv4 (0x0800), length 60: 10.0.0.1.1025 > 10.0.0.2.1024: Flags [S], seq 1:7, win 10, length 6
